clang++ -Wall -Wextra -Wshadow -Wconversion -Wsign-conversion -Wfloat-equal -Wformat=2 -Wnon-virtual-dtor -Woverloaded-virtual -Wreorder -Wzero-as-null-pointer-constant -Wunreachable-code -Wstrict-aliasing -Wpedantic -I/usr/include/SDL2 -D_REENTRANT -stdlib=libc++ -std=c++23 -g -O0 -fsanitize=address,undefined -DDEBUG=1 -Isrc -isystem lib -c output/all.cpp -o output/all.o
In file included from output/all.cpp:19:
src/slider.cpp:57:45: warning: implicit conversion from 'int' to 'float' may lose precision [-Wimplicit-int-float-conversion]
   57 |         ratio = std::clamp(relativeMouseX / m_trackSize, 0.0f, 1.0f);
      |                                           ~ ^~~~~~~~~~~
src/slider.cpp:60:45: warning: implicit conversion from 'int' to 'float' may lose precision [-Wimplicit-int-float-conversion]
   60 |         ratio = std::clamp(relativeMouseY / m_trackSize, 0.0f, 1.0f);
      |                                           ~ ^~~~~~~~~~~
src/slider.cpp:63:70: warning: implicit conversion from 'int' to 'float' may lose precision [-Wimplicit-int-float-conversion]
   63 |     int newValue = m_minValue + static_cast<int>(ratio * (m_maxValue - m_minValue));
      |                                                        ~  ~~~~~~~~~~~^~~~~~~~~~~~
src/slider.cpp:151:109: warning: implicit conversion from 'int' to 'float' may lose precision [-Wimplicit-int-float-conversion]
  151 |     float ratio = (m_maxValue > m_minValue) ? static_cast<float>(m_currentValue - m_minValue) / (m_maxValue - m_minValue) : 0.0f;
      |                                                                                               ~  ~~~~~~~~~~~^~~~~~~~~~~~
src/slider.cpp:154:77: warning: implicit conversion from 'int' to 'float' may lose precision [-Wimplicit-int-float-conversion]
  154 |         int thumbX = m_trackOffsetX + static_cast<int>(ratio * (m_trackSize - thumbSize));
      |                                                              ~  ~~~~~~~~~~~~^~~~~~~~~~~
src/slider.cpp:157:77: warning: implicit conversion from 'int' to 'float' may lose precision [-Wimplicit-int-float-conversion]
  157 |         int thumbY = m_trackOffsetY + static_cast<int>(ratio * (m_trackSize - thumbSize));
      |                                                              ~  ~~~~~~~~~~~~^~~~~~~~~~~
6 warnings generated.
clang++ -Wall -Wextra -Wshadow -Wconversion -Wsign-conversion -Wfloat-equal -Wformat=2 -Wnon-virtual-dtor -Woverloaded-virtual -Wreorder -Wzero-as-null-pointer-constant -Wunreachable-code -Wstrict-aliasing -Wpedantic -I/usr/include/SDL2 -D_REENTRANT -stdlib=libc++ -std=c++23 -g -O0 -fsanitize=address,undefined -DDEBUG=1 -Isrc -isystem lib -o output/example_animated_image examples/example_animated_image.cpp output/all.o -lSDL2 -lSDL2_image -lSDL2_ttf
clang++ -Wall -Wextra -Wshadow -Wconversion -Wsign-conversion -Wfloat-equal -Wformat=2 -Wnon-virtual-dtor -Woverloaded-virtual -Wreorder -Wzero-as-null-pointer-constant -Wunreachable-code -Wstrict-aliasing -Wpedantic -I/usr/include/SDL2 -D_REENTRANT -stdlib=libc++ -std=c++23 -g -O0 -fsanitize=address,undefined -DDEBUG=1 -Isrc -isystem lib -o output/example_animation examples/example_animation.cpp output/all.o -lSDL2 -lSDL2_image -lSDL2_ttf
clang++ -Wall -Wextra -Wshadow -Wconversion -Wsign-conversion -Wfloat-equal -Wformat=2 -Wnon-virtual-dtor -Woverloaded-virtual -Wreorder -Wzero-as-null-pointer-constant -Wunreachable-code -Wstrict-aliasing -Wpedantic -I/usr/include/SDL2 -D_REENTRANT -stdlib=libc++ -std=c++23 -g -O0 -fsanitize=address,undefined -DDEBUG=1 -Isrc -isystem lib -o output/example_button examples/example_button.cpp output/all.o -lSDL2 -lSDL2_image -lSDL2_ttf
clang++ -Wall -Wextra -Wshadow -Wconversion -Wsign-conversion -Wfloat-equal -Wformat=2 -Wnon-virtual-dtor -Woverloaded-virtual -Wreorder -Wzero-as-null-pointer-constant -Wunreachable-code -Wstrict-aliasing -Wpedantic -I/usr/include/SDL2 -D_REENTRANT -stdlib=libc++ -std=c++23 -g -O0 -fsanitize=address,undefined -DDEBUG=1 -Isrc -isystem lib -o output/example_checkbox examples/example_checkbox.cpp output/all.o -lSDL2 -lSDL2_image -lSDL2_ttf
examples/example_checkbox.cpp:18:138: warning: missing field 'borderColor' initializer [-Wmissing-field-initializers]
   18 |         panel->setStyle(ElementState::Normal, {.backgroundColor = {{50, 50, 50, 255}}, .textColor = std::nullopt, .texture = std::nullopt});
      |                                                                                                                                          ^
1 warning generated.
clang++ -Wall -Wextra -Wshadow -Wconversion -Wsign-conversion -Wfloat-equal -Wformat=2 -Wnon-virtual-dtor -Woverloaded-virtual -Wreorder -Wzero-as-null-pointer-constant -Wunreachable-code -Wstrict-aliasing -Wpedantic -I/usr/include/SDL2 -D_REENTRANT -stdlib=libc++ -std=c++23 -g -O0 -fsanitize=address,undefined -DDEBUG=1 -Isrc -isystem lib -o output/example_combobox examples/example_combobox.cpp output/all.o -lSDL2 -lSDL2_image -lSDL2_ttf
clang++ -Wall -Wextra -Wshadow -Wconversion -Wsign-conversion -Wfloat-equal -Wformat=2 -Wnon-virtual-dtor -Woverloaded-virtual -Wreorder -Wzero-as-null-pointer-constant -Wunreachable-code -Wstrict-aliasing -Wpedantic -I/usr/include/SDL2 -D_REENTRANT -stdlib=libc++ -std=c++23 -g -O0 -fsanitize=address,undefined -DDEBUG=1 -Isrc -isystem lib -o output/example_context_menu examples/example_context_menu.cpp output/all.o -lSDL2 -lSDL2_image -lSDL2_ttf
clang++ -Wall -Wextra -Wshadow -Wconversion -Wsign-conversion -Wfloat-equal -Wformat=2 -Wnon-virtual-dtor -Woverloaded-virtual -Wreorder -Wzero-as-null-pointer-constant -Wunreachable-code -Wstrict-aliasing -Wpedantic -I/usr/include/SDL2 -D_REENTRANT -stdlib=libc++ -std=c++23 -g -O0 -fsanitize=address,undefined -DDEBUG=1 -Isrc -isystem lib -o output/example_mouse_cursor examples/example_mouse_cursor.cpp output/all.o -lSDL2 -lSDL2_image -lSDL2_ttf
clang++ -Wall -Wextra -Wshadow -Wconversion -Wsign-conversion -Wfloat-equal -Wformat=2 -Wnon-virtual-dtor -Woverloaded-virtual -Wreorder -Wzero-as-null-pointer-constant -Wunreachable-code -Wstrict-aliasing -Wpedantic -I/usr/include/SDL2 -D_REENTRANT -stdlib=libc++ -std=c++23 -g -O0 -fsanitize=address,undefined -DDEBUG=1 -Isrc -isystem lib -o output/example_paint examples/example_paint.cpp output/all.o -lSDL2 -lSDL2_image -lSDL2_ttf
clang++ -Wall -Wextra -Wshadow -Wconversion -Wsign-conversion -Wfloat-equal -Wformat=2 -Wnon-virtual-dtor -Woverloaded-virtual -Wreorder -Wzero-as-null-pointer-constant -Wunreachable-code -Wstrict-aliasing -Wpedantic -I/usr/include/SDL2 -D_REENTRANT -stdlib=libc++ -std=c++23 -g -O0 -fsanitize=address,undefined -DDEBUG=1 -Isrc -isystem lib -o output/example_panel examples/example_panel.cpp output/all.o -lSDL2 -lSDL2_image -lSDL2_ttf
clang++ -Wall -Wextra -Wshadow -Wconversion -Wsign-conversion -Wfloat-equal -Wformat=2 -Wnon-virtual-dtor -Woverloaded-virtual -Wreorder -Wzero-as-null-pointer-constant -Wunreachable-code -Wstrict-aliasing -Wpedantic -I/usr/include/SDL2 -D_REENTRANT -stdlib=libc++ -std=c++23 -g -O0 -fsanitize=address,undefined -DDEBUG=1 -Isrc -isystem lib -o output/example_performance examples/example_performance.cpp output/all.o -lSDL2 -lSDL2_image -lSDL2_ttf
clang++ -Wall -Wextra -Wshadow -Wconversion -Wsign-conversion -Wfloat-equal -Wformat=2 -Wnon-virtual-dtor -Woverloaded-virtual -Wreorder -Wzero-as-null-pointer-constant -Wunreachable-code -Wstrict-aliasing -Wpedantic -I/usr/include/SDL2 -D_REENTRANT -stdlib=libc++ -std=c++23 -g -O0 -fsanitize=address,undefined -DDEBUG=1 -Isrc -isystem lib -o output/example_radio_button examples/example_radio_button.cpp output/all.o -lSDL2 -lSDL2_image -lSDL2_ttf
clang++ -Wall -Wextra -Wshadow -Wconversion -Wsign-conversion -Wfloat-equal -Wformat=2 -Wnon-virtual-dtor -Woverloaded-virtual -Wreorder -Wzero-as-null-pointer-constant -Wunreachable-code -Wstrict-aliasing -Wpedantic -I/usr/include/SDL2 -D_REENTRANT -stdlib=libc++ -std=c++23 -g -O0 -fsanitize=address,undefined -DDEBUG=1 -Isrc -isystem lib -o output/example_scrollview_prototype examples/example_scrollview_prototype.cpp output/all.o -lSDL2 -lSDL2_image -lSDL2_ttf
clang++ -Wall -Wextra -Wshadow -Wconversion -Wsign-conversion -Wfloat-equal -Wformat=2 -Wnon-virtual-dtor -Woverloaded-virtual -Wreorder -Wzero-as-null-pointer-constant -Wunreachable-code -Wstrict-aliasing -Wpedantic -I/usr/include/SDL2 -D_REENTRANT -stdlib=libc++ -std=c++23 -g -O0 -fsanitize=address,undefined -DDEBUG=1 -Isrc -isystem lib -o output/example_slider examples/example_slider.cpp output/all.o -lSDL2 -lSDL2_image -lSDL2_ttf
clang++ -Wall -Wextra -Wshadow -Wconversion -Wsign-conversion -Wfloat-equal -Wformat=2 -Wnon-virtual-dtor -Woverloaded-virtual -Wreorder -Wzero-as-null-pointer-constant -Wunreachable-code -Wstrict-aliasing -Wpedantic -I/usr/include/SDL2 -D_REENTRANT -stdlib=libc++ -std=c++23 -g -O0 -fsanitize=address,undefined -DDEBUG=1 -Isrc -isystem lib -o output/example_sprite_animator examples/example_sprite_animator.cpp output/all.o -lSDL2 -lSDL2_image -lSDL2_ttf
clang++ -Wall -Wextra -Wshadow -Wconversion -Wsign-conversion -Wfloat-equal -Wformat=2 -Wnon-virtual-dtor -Woverloaded-virtual -Wreorder -Wzero-as-null-pointer-constant -Wunreachable-code -Wstrict-aliasing -Wpedantic -I/usr/include/SDL2 -D_REENTRANT -stdlib=libc++ -std=c++23 -g -O0 -fsanitize=address,undefined -DDEBUG=1 -Isrc -isystem lib -o output/example_tabs examples/example_tabs.cpp output/all.o -lSDL2 -lSDL2_image -lSDL2_ttf
examples/example_tabs.cpp:27:184: warning: missing field 'fontSize' initializer [-Wmissing-field-initializers]
   27 |         tab1Panel->setStyle(ElementState::Normal, {.backgroundColor = std::nullopt, .textColor = std::nullopt, .texture = std::nullopt, .borderColor={{255, 0, 0, 128}}, .borderWidth=5});
      |                                                                                                                                                                                        ^
examples/example_tabs.cpp:28:184: warning: missing field 'fontSize' initializer [-Wmissing-field-initializers]
   28 |         tab2Panel->setStyle(ElementState::Normal, {.backgroundColor = std::nullopt, .textColor = std::nullopt, .texture = std::nullopt, .borderColor={{0, 255, 0, 128}}, .borderWidth=5});
      |                                                                                                                                                                                        ^
examples/example_tabs.cpp:29:184: warning: missing field 'fontSize' initializer [-Wmissing-field-initializers]
   29 |         tab3Panel->setStyle(ElementState::Normal, {.backgroundColor = std::nullopt, .textColor = std::nullopt, .texture = std::nullopt, .borderColor={{0, 0, 255, 128}}, .borderWidth=5});
      |                                                                                                                                                                                        ^
3 warnings generated.
clang++ -Wall -Wextra -Wshadow -Wconversion -Wsign-conversion -Wfloat-equal -Wformat=2 -Wnon-virtual-dtor -Woverloaded-virtual -Wreorder -Wzero-as-null-pointer-constant -Wunreachable-code -Wstrict-aliasing -Wpedantic -I/usr/include/SDL2 -D_REENTRANT -stdlib=libc++ -std=c++23 -g -O0 -fsanitize=address,undefined -DDEBUG=1 -Isrc -isystem lib -o output/example_text_area examples/example_text_area.cpp output/all.o -lSDL2 -lSDL2_image -lSDL2_ttf
clang++ -Wall -Wextra -Wshadow -Wconversion -Wsign-conversion -Wfloat-equal -Wformat=2 -Wnon-virtual-dtor -Woverloaded-virtual -Wreorder -Wzero-as-null-pointer-constant -Wunreachable-code -Wstrict-aliasing -Wpedantic -I/usr/include/SDL2 -D_REENTRANT -stdlib=libc++ -std=c++23 -g -O0 -fsanitize=address,undefined -DDEBUG=1 -Isrc -isystem lib -o output/example_text_input examples/example_text_input.cpp output/all.o -lSDL2 -lSDL2_image -lSDL2_ttf
clang++ -Wall -Wextra -Wshadow -Wconversion -Wsign-conversion -Wfloat-equal -Wformat=2 -Wnon-virtual-dtor -Woverloaded-virtual -Wreorder -Wzero-as-null-pointer-constant -Wunreachable-code -Wstrict-aliasing -Wpedantic -I/usr/include/SDL2 -D_REENTRANT -stdlib=libc++ -std=c++23 -g -O0 -fsanitize=address,undefined -DDEBUG=1 -Isrc -isystem lib -o output/example_texture_font_previewer examples/example_texture_font_previewer.cpp output/all.o -lSDL2 -lSDL2_image -lSDL2_ttf
clang++ -Wall -Wextra -Wshadow -Wconversion -Wsign-conversion -Wfloat-equal -Wformat=2 -Wnon-virtual-dtor -Woverloaded-virtual -Wreorder -Wzero-as-null-pointer-constant -Wunreachable-code -Wstrict-aliasing -Wpedantic -I/usr/include/SDL2 -D_REENTRANT -stdlib=libc++ -std=c++23 -g -O0 -fsanitize=address,undefined -DDEBUG=1 -Isrc -isystem lib -o output/example_theme_playground examples/example_theme_playground.cpp output/all.o -lSDL2 -lSDL2_image -lSDL2_ttf
clang++ -Wall -Wextra -Wshadow -Wconversion -Wsign-conversion -Wfloat-equal -Wformat=2 -Wnon-virtual-dtor -Woverloaded-virtual -Wreorder -Wzero-as-null-pointer-constant -Wunreachable-code -Wstrict-aliasing -Wpedantic -I/usr/include/SDL2 -D_REENTRANT -stdlib=libc++ -std=c++23 -g -O0 -fsanitize=address,undefined -DDEBUG=1 -Isrc -isystem lib -o output/example_themes examples/example_themes.cpp output/all.o -lSDL2 -lSDL2_image -lSDL2_ttf
clang++ -Wall -Wextra -Wshadow -Wconversion -Wsign-conversion -Wfloat-equal -Wformat=2 -Wnon-virtual-dtor -Woverloaded-virtual -Wreorder -Wzero-as-null-pointer-constant -Wunreachable-code -Wstrict-aliasing -Wpedantic -I/usr/include/SDL2 -D_REENTRANT -stdlib=libc++ -std=c++23 -g -O0 -fsanitize=address,undefined -DDEBUG=1 -Isrc -isystem lib -o output/example_tooltip examples/example_tooltip.cpp output/all.o -lSDL2 -lSDL2_image -lSDL2_ttf
clang++ -Wall -Wextra -Wshadow -Wconversion -Wsign-conversion -Wfloat-equal -Wformat=2 -Wnon-virtual-dtor -Woverloaded-virtual -Wreorder -Wzero-as-null-pointer-constant -Wunreachable-code -Wstrict-aliasing -Wpedantic -I/usr/include/SDL2 -D_REENTRANT -stdlib=libc++ -std=c++23 -g -O0 -fsanitize=address,undefined -DDEBUG=1 -Isrc -isystem lib -o output/example_window examples/example_window.cpp output/all.o -lSDL2 -lSDL2_image -lSDL2_ttf
examples/example_window.cpp:28:154: warning: ISO C++ requires field designators to be specified in declaration order; field 'borderColor' will be initialized after field 'texture' [-Wreorder-init-list]
   28 |         windowPanel->setStyle(ElementState::Normal, {.backgroundColor = std::nullopt, .textColor = std::nullopt, .borderColor = std::nullopt, .texture = guiManager.getTextureManager().addTexture("window_bg", createColorTexture(renderer, {.r=200, .g=200, .b=200, .a=255}))});
      |                                                                                                                                               ~~~~~~~~~~~^~~~~~~~~~~~~~~~~~~~~~~~~~~~~~~~~~~~~~~~~~~~~~~~~~~~~~~~~~~~~~~~~~~~~~~~~~~~~~~~~~~~~~~~~~~~~~~~~~~~~~~~~~~~~~~~~~~~~~
examples/example_window.cpp:28:129: note: previous initialization for field 'borderColor' is here
   28 |         windowPanel->setStyle(ElementState::Normal, {.backgroundColor = std::nullopt, .textColor = std::nullopt, .borderColor = std::nullopt, .texture = guiManager.getTextureManager().addTexture("window_bg", createColorTexture(renderer, {.r=200, .g=200, .b=200, .a=255}))});
      |                                                                                                                                 ^~~~~~~~~~~~
examples/example_window.cpp:28:272: warning: missing field 'borderWidth' initializer [-Wmissing-field-initializers]
   28 |         windowPanel->setStyle(ElementState::Normal, {.backgroundColor = std::nullopt, .textColor = std::nullopt, .borderColor = std::nullopt, .texture = guiManager.getTextureManager().addTexture("window_bg", createColorTexture(renderer, {.r=200, .g=200, .b=200, .a=255}))});
      |                                                                                                                                                                                                                                                                                ^
examples/example_window.cpp:33:151: warning: ISO C++ requires field designators to be specified in declaration order; field 'borderColor' will be initialized after field 'texture' [-Wreorder-init-list]
   33 |         titleBar->setStyle(ElementState::Normal, {.backgroundColor = std::nullopt, .textColor = std::nullopt, .borderColor = std::nullopt, .texture = guiManager.getTextureManager().addTexture("title_bg", createColorTexture(renderer, {100, 100, 150, 255}))});
      |                                                                                                                                            ~~~~~~~~~~~^~~~~~~~~~~~~~~~~~~~~~~~~~~~~~~~~~~~~~~~~~~~~~~~~~~~~~~~~~~~~~~~~~~~~~~~~~~~~~~~~~~~~~~~~~~~~~~~~~~~~~~~~
examples/example_window.cpp:33:126: note: previous initialization for field 'borderColor' is here
   33 |         titleBar->setStyle(ElementState::Normal, {.backgroundColor = std::nullopt, .textColor = std::nullopt, .borderColor = std::nullopt, .texture = guiManager.getTextureManager().addTexture("title_bg", createColorTexture(renderer, {100, 100, 150, 255}))});
      |                                                                                                                              ^~~~~~~~~~~~
examples/example_window.cpp:33:256: warning: missing field 'borderWidth' initializer [-Wmissing-field-initializers]
   33 |         titleBar->setStyle(ElementState::Normal, {.backgroundColor = std::nullopt, .textColor = std::nullopt, .borderColor = std::nullopt, .texture = guiManager.getTextureManager().addTexture("title_bg", createColorTexture(renderer, {100, 100, 150, 255}))});
      |                                                                                                                                                                                                                                                                ^
examples/example_window.cpp:46:155: warning: ISO C++ requires field designators to be specified in declaration order; field 'borderColor' will be initialized after field 'texture' [-Wreorder-init-list]
   46 |         contentPanel->setStyle(ElementState::Normal, {.backgroundColor = std::nullopt, .textColor = std::nullopt, .borderColor = std::nullopt, .texture = guiManager.getTextureManager().addTexture("content_bg", createColorTexture(renderer, {220, 220, 220, 255}))});
      |                                                                                                                                                ~~~~~~~~~~~^~~~~~~~~~~~~~~~~~~~~~~~~~~~~~~~~~~~~~~~~~~~~~~~~~~~~~~~~~~~~~~~~~~~~~~~~~~~~~~~~~~~~~~~~~~~~~~~~~~~~~~~~~~
examples/example_window.cpp:46:130: note: previous initialization for field 'borderColor' is here
   46 |         contentPanel->setStyle(ElementState::Normal, {.backgroundColor = std::nullopt, .textColor = std::nullopt, .borderColor = std::nullopt, .texture = guiManager.getTextureManager().addTexture("content_bg", createColorTexture(renderer, {220, 220, 220, 255}))});
      |                                                                                                                                  ^~~~~~~~~~~~
examples/example_window.cpp:46:262: warning: missing field 'borderWidth' initializer [-Wmissing-field-initializers]
   46 |         contentPanel->setStyle(ElementState::Normal, {.backgroundColor = std::nullopt, .textColor = std::nullopt, .borderColor = std::nullopt, .texture = guiManager.getTextureManager().addTexture("content_bg", createColorTexture(renderer, {220, 220, 220, 255}))});
      |                                                                                                                                                                                                                                                                      ^
6 warnings generated.
clang++ -Wall -Wextra -Wshadow -Wconversion -Wsign-conversion -Wfloat-equal -Wformat=2 -Wnon-virtual-dtor -Woverloaded-virtual -Wreorder -Wzero-as-null-pointer-constant -Wunreachable-code -Wstrict-aliasing -Wpedantic -I/usr/include/SDL2 -D_REENTRANT -stdlib=libc++ -std=c++23 -g -O0 -fsanitize=address,undefined -DDEBUG=1 -Isrc -isystem lib -o output/example_xml_parser examples/example_xml_parser.cpp output/all.o -lSDL2 -lSDL2_image -lSDL2_ttf
