clang++ -Wall -Wextra -Wshadow -Wconversion -Wsign-conversion -Wfloat-equal -Wformat=2 -Wnon-virtual-dtor -Woverloaded-virtual -Wreorder -Wzero-as-null-pointer-constant -Wunreachable-code -Wstrict-aliasing -Wpedantic -I/usr/include/SDL2 -D_REENTRANT -stdlib=libc++ -std=c++23 -g -O0 -fsanitize=address,undefined -DDEBUG=1 -Isrc -isystem lib -c output/all.cpp -o output/all.o
In file included from output/all.cpp:18:
In file included from src/sgml_parser.cpp:1:
In file included from src/sgml_parser.hpp:8:
src/../lib/tinyxml2.h:149:38: warning: zero as null pointer constant [-Wzero-as-null-pointer-constant]
  149 |     StrPair() : _flags( 0 ), _start( 0 ), _end( 0 ) {}
      |                                      ^
      |                                      nullptr
src/../lib/tinyxml2.h:149:49: warning: zero as null pointer constant [-Wzero-as-null-pointer-constant]
  149 |     StrPair() : _flags( 0 ), _start( 0 ), _end( 0 ) {}
      |                                                 ^
      |                                                 nullptr
src/../lib/tinyxml2.h:590:31: warning: zero as null pointer constant [-Wzero-as-null-pointer-constant]
  590 |         p = SkipWhiteSpace(p, 0);
      |                               ^
      |                               nullptr
src/../lib/tinyxml2.h:781:61: warning: zero as null pointer constant [-Wzero-as-null-pointer-constant]
  781 |     const XMLElement* FirstChildElement( const char* name = 0 ) const;
      |                                                             ^
      |                                                             nullptr
src/../lib/tinyxml2.h:783:55: warning: zero as null pointer constant [-Wzero-as-null-pointer-constant]
  783 |     XMLElement* FirstChildElement( const char* name = 0 )       {
      |                                                       ^
      |                                                       nullptr
src/../lib/tinyxml2.h:799:60: warning: zero as null pointer constant [-Wzero-as-null-pointer-constant]
  799 |     const XMLElement* LastChildElement( const char* name = 0 ) const;
      |                                                            ^
      |                                                            nullptr
src/../lib/tinyxml2.h:801:54: warning: zero as null pointer constant [-Wzero-as-null-pointer-constant]
  801 |     XMLElement* LastChildElement( const char* name = 0 )        {
      |                                                      ^
      |                                                      nullptr
src/../lib/tinyxml2.h:815:66: warning: zero as null pointer constant [-Wzero-as-null-pointer-constant]
  815 |     const XMLElement*   PreviousSiblingElement( const char* name = 0 ) const ;
      |                                                                    ^
      |                                                                    nullptr
src/../lib/tinyxml2.h:817:60: warning: zero as null pointer constant [-Wzero-as-null-pointer-constant]
  817 |     XMLElement* PreviousSiblingElement( const char* name = 0 ) {
      |                                                            ^
      |                                                            nullptr
src/../lib/tinyxml2.h:831:62: warning: zero as null pointer constant [-Wzero-as-null-pointer-constant]
  831 |     const XMLElement*   NextSiblingElement( const char* name = 0 ) const;
      |                                                                ^
      |                                                                nullptr
src/../lib/tinyxml2.h:833:56: warning: zero as null pointer constant [-Wzero-as-null-pointer-constant]
  833 |     XMLElement* NextSiblingElement( const char* name = 0 )      {
      |                                                        ^
      |                                                        nullptr
src/../lib/tinyxml2.h:688:16: warning: zero as null pointer constant [-Wzero-as-null-pointer-constant]
  688 |         return 0;
      |                ^
      |                nullptr
src/../lib/tinyxml2.h:692:16: warning: zero as null pointer constant [-Wzero-as-null-pointer-constant]
  692 |         return 0;
      |                ^
      |                nullptr
src/../lib/tinyxml2.h:696:16: warning: zero as null pointer constant [-Wzero-as-null-pointer-constant]
  696 |         return 0;
      |                ^
      |                nullptr
src/../lib/tinyxml2.h:700:16: warning: zero as null pointer constant [-Wzero-as-null-pointer-constant]
  700 |         return 0;
      |                ^
      |                nullptr
src/../lib/tinyxml2.h:704:16: warning: zero as null pointer constant [-Wzero-as-null-pointer-constant]
  704 |         return 0;
      |                ^
      |                nullptr
src/../lib/tinyxml2.h:708:16: warning: zero as null pointer constant [-Wzero-as-null-pointer-constant]
  708 |         return 0;
      |                ^
      |                nullptr
src/../lib/tinyxml2.h:712:16: warning: zero as null pointer constant [-Wzero-as-null-pointer-constant]
  712 |         return 0;
      |                ^
      |                nullptr
src/../lib/tinyxml2.h:715:16: warning: zero as null pointer constant [-Wzero-as-null-pointer-constant]
  715 |         return 0;
      |                ^
      |                nullptr
src/../lib/tinyxml2.h:718:16: warning: zero as null pointer constant [-Wzero-as-null-pointer-constant]
  718 |         return 0;
      |                ^
      |                nullptr
src/../lib/tinyxml2.h:721:16: warning: zero as null pointer constant [-Wzero-as-null-pointer-constant]
  721 |         return 0;
      |                ^
      |                nullptr
src/../lib/tinyxml2.h:724:16: warning: zero as null pointer constant [-Wzero-as-null-pointer-constant]
  724 |         return 0;
      |                ^
      |                nullptr
src/../lib/tinyxml2.h:727:16: warning: zero as null pointer constant [-Wzero-as-null-pointer-constant]
  727 |         return 0;
      |                ^
      |                nullptr
src/../lib/tinyxml2.h:1244:67: warning: zero as null pointer constant [-Wzero-as-null-pointer-constant]
 1244 |     XMLAttribute() : _name(), _value(),_parseLineNum( 0 ), _next( 0 ), _memPool( 0 ) {}
      |                                                                   ^
      |                                                                   nullptr
src/../lib/tinyxml2.h:1244:82: warning: zero as null pointer constant [-Wzero-as-null-pointer-constant]
 1244 |     XMLAttribute() : _name(), _value(),_parseLineNum( 0 ), _next( 0 ), _memPool( 0 ) {}
      |                                                                                  ^
      |                                                                                  nullptr
src/../lib/tinyxml2.h:1309:64: warning: zero as null pointer constant [-Wzero-as-null-pointer-constant]
 1309 |     const char* Attribute( const char* name, const char* value=0 ) const;
      |                                                                ^
      |                                                                nullptr
src/../lib/tinyxml2.h:1833:38: warning: zero as null pointer constant [-Wzero-as-null-pointer-constant]
 1833 |     void Print( XMLPrinter* streamer=0 ) const;
      |                                      ^
      |                                      nullptr
src/../lib/tinyxml2.h:1865:54: warning: zero as null pointer constant [-Wzero-as-null-pointer-constant]
 1865 |     XMLDeclaration* NewDeclaration( const char* text=0 );
      |                                                      ^
      |                                                      nullptr
src/../lib/tinyxml2.h:1926:16: warning: zero as null pointer constant [-Wzero-as-null-pointer-constant]
 1926 |         return 0;
      |                ^
      |                nullptr
src/../lib/tinyxml2.h:2077:53: warning: zero as null pointer constant [-Wzero-as-null-pointer-constant]
 2077 |     XMLHandle FirstChildElement( const char* name = 0 )                                         {
      |                                                     ^
      |                                                     nullptr
src/../lib/tinyxml2.h:2085:52: warning: zero as null pointer constant [-Wzero-as-null-pointer-constant]
 2085 |     XMLHandle LastChildElement( const char* name = 0 )                                          {
      |                                                    ^
      |                                                    nullptr
src/../lib/tinyxml2.h:2093:58: warning: zero as null pointer constant [-Wzero-as-null-pointer-constant]
 2093 |     XMLHandle PreviousSiblingElement( const char* name = 0 )                            {
      |                                                          ^
      |                                                          nullptr
src/../lib/tinyxml2.h:2101:54: warning: zero as null pointer constant [-Wzero-as-null-pointer-constant]
 2101 |     XMLHandle NextSiblingElement( const char* name = 0 )                                        {
      |                                                      ^
      |                                                      nullptr
src/../lib/tinyxml2.h:2074:57: warning: zero as null pointer constant [-Wzero-as-null-pointer-constant]
 2074 |         return XMLHandle( _node ? _node->FirstChild() : 0 );
      |                                                         ^
      |                                                         nullptr
src/../lib/tinyxml2.h:2078:70: warning: zero as null pointer constant [-Wzero-as-null-pointer-constant]
 2078 |         return XMLHandle( _node ? _node->FirstChildElement( name ) : 0 );
      |                                                                      ^
      |                                                                      nullptr
src/../lib/tinyxml2.h:2082:56: warning: zero as null pointer constant [-Wzero-as-null-pointer-constant]
 2082 |         return XMLHandle( _node ? _node->LastChild() : 0 );
      |                                                        ^
      |                                                        nullptr
src/../lib/tinyxml2.h:2086:69: warning: zero as null pointer constant [-Wzero-as-null-pointer-constant]
 2086 |         return XMLHandle( _node ? _node->LastChildElement( name ) : 0 );
      |                                                                     ^
      |                                                                     nullptr
src/../lib/tinyxml2.h:2090:62: warning: zero as null pointer constant [-Wzero-as-null-pointer-constant]
 2090 |         return XMLHandle( _node ? _node->PreviousSibling() : 0 );
      |                                                              ^
      |                                                              nullptr
src/../lib/tinyxml2.h:2094:75: warning: zero as null pointer constant [-Wzero-as-null-pointer-constant]
 2094 |         return XMLHandle( _node ? _node->PreviousSiblingElement( name ) : 0 );
      |                                                                           ^
      |                                                                           nullptr
src/../lib/tinyxml2.h:2098:58: warning: zero as null pointer constant [-Wzero-as-null-pointer-constant]
 2098 |         return XMLHandle( _node ? _node->NextSibling() : 0 );
      |                                                          ^
      |                                                          nullptr
src/../lib/tinyxml2.h:2102:71: warning: zero as null pointer constant [-Wzero-as-null-pointer-constant]
 2102 |         return XMLHandle( _node ? _node->NextSiblingElement( name ) : 0 );
      |                                                                       ^
      |                                                                       nullptr
src/../lib/tinyxml2.h:2111:47: warning: zero as null pointer constant [-Wzero-as-null-pointer-constant]
 2111 |         return ( _node ? _node->ToElement() : 0 );
      |                                               ^
      |                                               nullptr
src/../lib/tinyxml2.h:2115:44: warning: zero as null pointer constant [-Wzero-as-null-pointer-constant]
 2115 |         return ( _node ? _node->ToText() : 0 );
      |                                            ^
      |                                            nullptr
src/../lib/tinyxml2.h:2119:47: warning: zero as null pointer constant [-Wzero-as-null-pointer-constant]
 2119 |         return ( _node ? _node->ToUnknown() : 0 );
      |                                               ^
      |                                               nullptr
src/../lib/tinyxml2.h:2123:51: warning: zero as null pointer constant [-Wzero-as-null-pointer-constant]
 2123 |         return ( _node ? _node->ToDeclaration() : 0 );
      |                                                   ^
      |                                                   nullptr
src/../lib/tinyxml2.h:2153:64: warning: zero as null pointer constant [-Wzero-as-null-pointer-constant]
 2153 |     const XMLConstHandle FirstChildElement( const char* name = 0 ) const                                {
      |                                                                ^
      |                                                                nullptr
src/../lib/tinyxml2.h:2159:63: warning: zero as null pointer constant [-Wzero-as-null-pointer-constant]
 2159 |     const XMLConstHandle LastChildElement( const char* name = 0 ) const                         {
      |                                                               ^
      |                                                               nullptr
src/../lib/tinyxml2.h:2165:69: warning: zero as null pointer constant [-Wzero-as-null-pointer-constant]
 2165 |     const XMLConstHandle PreviousSiblingElement( const char* name = 0 ) const           {
      |                                                                     ^
      |                                                                     nullptr
src/../lib/tinyxml2.h:2171:65: warning: zero as null pointer constant [-Wzero-as-null-pointer-constant]
 2171 |     const XMLConstHandle NextSiblingElement( const char* name = 0 ) const                       {
      |                                                                 ^
      |                                                                 nullptr
src/../lib/tinyxml2.h:2151:62: warning: zero as null pointer constant [-Wzero-as-null-pointer-constant]
 2151 |         return XMLConstHandle( _node ? _node->FirstChild() : 0 );
      |                                                              ^
      |                                                              nullptr
src/../lib/tinyxml2.h:2154:75: warning: zero as null pointer constant [-Wzero-as-null-pointer-constant]
 2154 |         return XMLConstHandle( _node ? _node->FirstChildElement( name ) : 0 );
      |                                                                           ^
      |                                                                           nullptr
src/../lib/tinyxml2.h:2157:61: warning: zero as null pointer constant [-Wzero-as-null-pointer-constant]
 2157 |         return XMLConstHandle( _node ? _node->LastChild() : 0 );
      |                                                             ^
      |                                                             nullptr
src/../lib/tinyxml2.h:2160:74: warning: zero as null pointer constant [-Wzero-as-null-pointer-constant]
 2160 |         return XMLConstHandle( _node ? _node->LastChildElement( name ) : 0 );
      |                                                                          ^
      |                                                                          nullptr
src/../lib/tinyxml2.h:2163:67: warning: zero as null pointer constant [-Wzero-as-null-pointer-constant]
 2163 |         return XMLConstHandle( _node ? _node->PreviousSibling() : 0 );
      |                                                                   ^
      |                                                                   nullptr
src/../lib/tinyxml2.h:2166:80: warning: zero as null pointer constant [-Wzero-as-null-pointer-constant]
 2166 |         return XMLConstHandle( _node ? _node->PreviousSiblingElement( name ) : 0 );
      |                                                                                ^
      |                                                                                nullptr
src/../lib/tinyxml2.h:2169:63: warning: zero as null pointer constant [-Wzero-as-null-pointer-constant]
 2169 |         return XMLConstHandle( _node ? _node->NextSibling() : 0 );
      |                                                               ^
      |                                                               nullptr
src/../lib/tinyxml2.h:2172:76: warning: zero as null pointer constant [-Wzero-as-null-pointer-constant]
 2172 |         return XMLConstHandle( _node ? _node->NextSiblingElement( name ) : 0 );
      |                                                                            ^
      |                                                                            nullptr
src/../lib/tinyxml2.h:2180:47: warning: zero as null pointer constant [-Wzero-as-null-pointer-constant]
 2180 |         return ( _node ? _node->ToElement() : 0 );
      |                                               ^
      |                                               nullptr
src/../lib/tinyxml2.h:2183:44: warning: zero as null pointer constant [-Wzero-as-null-pointer-constant]
 2183 |         return ( _node ? _node->ToText() : 0 );
      |                                            ^
      |                                            nullptr
src/../lib/tinyxml2.h:2186:47: warning: zero as null pointer constant [-Wzero-as-null-pointer-constant]
 2186 |         return ( _node ? _node->ToUnknown() : 0 );
      |                                               ^
      |                                               nullptr
src/../lib/tinyxml2.h:2189:51: warning: zero as null pointer constant [-Wzero-as-null-pointer-constant]
 2189 |         return ( _node ? _node->ToDeclaration() : 0 );
      |                                                   ^
      |                                                   nullptr
In file included from output/all.cpp:19:
src/slider.cpp:57:45: warning: implicit conversion from 'int' to 'float' may lose precision [-Wimplicit-int-float-conversion]
   57 |         ratio = std::clamp(relativeMouseX / m_trackSize, 0.0f, 1.0f);
      |                                           ~ ^~~~~~~~~~~
src/slider.cpp:60:45: warning: implicit conversion from 'int' to 'float' may lose precision [-Wimplicit-int-float-conversion]
   60 |         ratio = std::clamp(relativeMouseY / m_trackSize, 0.0f, 1.0f);
      |                                           ~ ^~~~~~~~~~~
src/slider.cpp:63:70: warning: implicit conversion from 'int' to 'float' may lose precision [-Wimplicit-int-float-conversion]
   63 |     int newValue = m_minValue + static_cast<int>(ratio * (m_maxValue - m_minValue));
      |                                                        ~  ~~~~~~~~~~~^~~~~~~~~~~~
src/slider.cpp:151:109: warning: implicit conversion from 'int' to 'float' may lose precision [-Wimplicit-int-float-conversion]
  151 |     float ratio = (m_maxValue > m_minValue) ? static_cast<float>(m_currentValue - m_minValue) / (m_maxValue - m_minValue) : 0.0f;
      |                                                                                               ~  ~~~~~~~~~~~^~~~~~~~~~~~
src/slider.cpp:154:77: warning: implicit conversion from 'int' to 'float' may lose precision [-Wimplicit-int-float-conversion]
  154 |         int thumbX = m_trackOffsetX + static_cast<int>(ratio * (m_trackSize - thumbSize));
      |                                                              ~  ~~~~~~~~~~~~^~~~~~~~~~~
src/slider.cpp:157:77: warning: implicit conversion from 'int' to 'float' may lose precision [-Wimplicit-int-float-conversion]
  157 |         int thumbY = m_trackOffsetY + static_cast<int>(ratio * (m_trackSize - thumbSize));
      |                                                              ~  ~~~~~~~~~~~~^~~~~~~~~~~
In file included from output/all.cpp:18:
In file included from src/sgml_parser.cpp:1:
In file included from src/sgml_parser.hpp:8:
src/../lib/tinyxml2.h:380:52: warning: zero as null pointer constant [-Wzero-as-null-pointer-constant]
  380 |             blockItems[ITEMS_PER_BLOCK - 1].next = 0;
      |                                                    ^
      |                                                    nullptr
src/../lib/tinyxml2.h:1991:38: note: in instantiation of member function 'tinyxml2::MemPoolT<104>::Alloc' requested here
 1991 |     NodeType* returnNode = new (pool.Alloc()) NodeType( this );
      |                                      ^
lib/tinyxml2.cpp:732:22: note: in instantiation of function template specialization 'tinyxml2::XMLDocument::CreateUnlinkedNode<tinyxml2::XMLDeclaration, 104UL>' requested here
  732 |         returnNode = CreateUnlinkedNode<XMLDeclaration>( _commentPool );
      |                      ^
In file included from output/all.cpp:18:
In file included from src/sgml_parser.cpp:1:
In file included from src/sgml_parser.hpp:8:
src/../lib/tinyxml2.h:380:52: warning: zero as null pointer constant [-Wzero-as-null-pointer-constant]
  380 |             blockItems[ITEMS_PER_BLOCK - 1].next = 0;
      |                                                    ^
      |                                                    nullptr
src/../lib/tinyxml2.h:1991:38: note: in instantiation of member function 'tinyxml2::MemPoolT<112>::Alloc' requested here
 1991 |     NodeType* returnNode = new (pool.Alloc()) NodeType( this );
      |                                      ^
lib/tinyxml2.cpp:742:25: note: in instantiation of function template specialization 'tinyxml2::XMLDocument::CreateUnlinkedNode<tinyxml2::XMLText, 112UL>' requested here
  742 |         XMLText* text = CreateUnlinkedNode<XMLText>( _textPool );
      |                         ^
In file included from output/all.cpp:18:
In file included from src/sgml_parser.cpp:1:
In file included from src/sgml_parser.hpp:8:
src/../lib/tinyxml2.h:380:52: warning: zero as null pointer constant [-Wzero-as-null-pointer-constant]
  380 |             blockItems[ITEMS_PER_BLOCK - 1].next = 0;
      |                                                    ^
      |                                                    nullptr
src/../lib/tinyxml2.h:1991:38: note: in instantiation of member function 'tinyxml2::MemPoolT<120>::Alloc' requested here
 1991 |     NodeType* returnNode = new (pool.Alloc()) NodeType( this );
      |                                      ^
lib/tinyxml2.cpp:763:26: note: in instantiation of function template specialization 'tinyxml2::XMLDocument::CreateUnlinkedNode<tinyxml2::XMLElement, 120UL>' requested here
  763 |             returnNode = CreateUnlinkedNode<XMLElement>(_elementPool);
      |                          ^
In file included from output/all.cpp:18:
In file included from src/sgml_parser.cpp:1:
In file included from src/sgml_parser.hpp:8:
src/../lib/tinyxml2.h:380:52: warning: zero as null pointer constant [-Wzero-as-null-pointer-constant]
  380 |             blockItems[ITEMS_PER_BLOCK - 1].next = 0;
      |                                                    ^
      |                                                    nullptr
lib/tinyxml2.cpp:2031:59: note: in instantiation of member function 'tinyxml2::MemPoolT<80>::Alloc' requested here
 2031 |     XMLAttribute* attrib = new (_document->_attributePool.Alloc() ) XMLAttribute();
      |                                                           ^
In file included from output/all.cpp:18:
In file included from src/sgml_parser.cpp:1:
In file included from src/sgml_parser.hpp:8:
src/../lib/tinyxml2.h:345:38: warning: zero as null pointer constant [-Wzero-as-null-pointer-constant]
  345 |     MemPoolT() : _blockPtrs(), _root(0), _currentAllocs(0), _nAllocs(0), _maxAllocs(0), _nUntracked(0)  {}
      |                                      ^
      |                                      nullptr
lib/tinyxml2.cpp:2195:5: note: in instantiation of member function 'tinyxml2::MemPoolT<120>::MemPoolT' requested here
 2195 |     _elementPool(),
      |     ^
In file included from output/all.cpp:18:
In file included from src/sgml_parser.cpp:1:
In file included from src/sgml_parser.hpp:8:
src/../lib/tinyxml2.h:345:38: warning: zero as null pointer constant [-Wzero-as-null-pointer-constant]
  345 |     MemPoolT() : _blockPtrs(), _root(0), _currentAllocs(0), _nAllocs(0), _maxAllocs(0), _nUntracked(0)  {}
      |                                      ^
      |                                      nullptr
lib/tinyxml2.cpp:2196:5: note: in instantiation of member function 'tinyxml2::MemPoolT<80>::MemPoolT' requested here
 2196 |     _attributePool(),
      |     ^
In file included from output/all.cpp:18:
In file included from src/sgml_parser.cpp:1:
In file included from src/sgml_parser.hpp:8:
src/../lib/tinyxml2.h:345:38: warning: zero as null pointer constant [-Wzero-as-null-pointer-constant]
  345 |     MemPoolT() : _blockPtrs(), _root(0), _currentAllocs(0), _nAllocs(0), _maxAllocs(0), _nUntracked(0)  {}
      |                                      ^
      |                                      nullptr
lib/tinyxml2.cpp:2197:5: note: in instantiation of member function 'tinyxml2::MemPoolT<112>::MemPoolT' requested here
 2197 |     _textPool(),
      |     ^
In file included from output/all.cpp:18:
In file included from src/sgml_parser.cpp:1:
In file included from src/sgml_parser.hpp:8:
src/../lib/tinyxml2.h:345:38: warning: zero as null pointer constant [-Wzero-as-null-pointer-constant]
  345 |     MemPoolT() : _blockPtrs(), _root(0), _currentAllocs(0), _nAllocs(0), _maxAllocs(0), _nUntracked(0)  {}
      |                                      ^
      |                                      nullptr
lib/tinyxml2.cpp:2198:5: note: in instantiation of member function 'tinyxml2::MemPoolT<104>::MemPoolT' requested here
 2198 |     _commentPool()
      |     ^
In file included from output/all.cpp:18:
In file included from src/sgml_parser.cpp:1:
In file included from src/sgml_parser.hpp:8:
src/../lib/tinyxml2.h:356:17: warning: zero as null pointer constant [-Wzero-as-null-pointer-constant]
  356 |         _root = 0;
      |                 ^
      |                 nullptr
lib/tinyxml2.cpp:2469:22: note: in instantiation of member function 'tinyxml2::MemPoolT<120>::Clear' requested here
 2469 |         _elementPool.Clear();
      |                      ^
In file included from output/all.cpp:18:
In file included from src/sgml_parser.cpp:1:
In file included from src/sgml_parser.hpp:8:
src/../lib/tinyxml2.h:356:17: warning: zero as null pointer constant [-Wzero-as-null-pointer-constant]
  356 |         _root = 0;
      |                 ^
      |                 nullptr
lib/tinyxml2.cpp:2470:24: note: in instantiation of member function 'tinyxml2::MemPoolT<80>::Clear' requested here
 2470 |         _attributePool.Clear();
      |                        ^
In file included from output/all.cpp:18:
In file included from src/sgml_parser.cpp:1:
In file included from src/sgml_parser.hpp:8:
src/../lib/tinyxml2.h:356:17: warning: zero as null pointer constant [-Wzero-as-null-pointer-constant]
  356 |         _root = 0;
      |                 ^
      |                 nullptr
lib/tinyxml2.cpp:2471:19: note: in instantiation of member function 'tinyxml2::MemPoolT<112>::Clear' requested here
 2471 |         _textPool.Clear();
      |                   ^
In file included from output/all.cpp:18:
In file included from src/sgml_parser.cpp:1:
In file included from src/sgml_parser.hpp:8:
src/../lib/tinyxml2.h:356:17: warning: zero as null pointer constant [-Wzero-as-null-pointer-constant]
  356 |         _root = 0;
      |                 ^
      |                 nullptr
lib/tinyxml2.cpp:2472:22: note: in instantiation of member function 'tinyxml2::MemPoolT<104>::Clear' requested here
 2472 |         _commentPool.Clear();
      |                      ^
79 warnings generated.
clang++ -Wall -Wextra -Wshadow -Wconversion -Wsign-conversion -Wfloat-equal -Wformat=2 -Wnon-virtual-dtor -Woverloaded-virtual -Wreorder -Wzero-as-null-pointer-constant -Wunreachable-code -Wstrict-aliasing -Wpedantic -I/usr/include/SDL2 -D_REENTRANT -stdlib=libc++ -std=c++23 -g -O0 -fsanitize=address,undefined -DDEBUG=1 -Isrc -isystem lib -o output/example_animated_image examples/example_animated_image.cpp output/all.o -lSDL2 -lSDL2_image -lSDL2_ttf
clang++ -Wall -Wextra -Wshadow -Wconversion -Wsign-conversion -Wfloat-equal -Wformat=2 -Wnon-virtual-dtor -Woverloaded-virtual -Wreorder -Wzero-as-null-pointer-constant -Wunreachable-code -Wstrict-aliasing -Wpedantic -I/usr/include/SDL2 -D_REENTRANT -stdlib=libc++ -std=c++23 -g -O0 -fsanitize=address,undefined -DDEBUG=1 -Isrc -isystem lib -o output/example_animation examples/example_animation.cpp output/all.o -lSDL2 -lSDL2_image -lSDL2_ttf
clang++ -Wall -Wextra -Wshadow -Wconversion -Wsign-conversion -Wfloat-equal -Wformat=2 -Wnon-virtual-dtor -Woverloaded-virtual -Wreorder -Wzero-as-null-pointer-constant -Wunreachable-code -Wstrict-aliasing -Wpedantic -I/usr/include/SDL2 -D_REENTRANT -stdlib=libc++ -std=c++23 -g -O0 -fsanitize=address,undefined -DDEBUG=1 -Isrc -isystem lib -o output/example_button examples/example_button.cpp output/all.o -lSDL2 -lSDL2_image -lSDL2_ttf
clang++ -Wall -Wextra -Wshadow -Wconversion -Wsign-conversion -Wfloat-equal -Wformat=2 -Wnon-virtual-dtor -Woverloaded-virtual -Wreorder -Wzero-as-null-pointer-constant -Wunreachable-code -Wstrict-aliasing -Wpedantic -I/usr/include/SDL2 -D_REENTRANT -stdlib=libc++ -std=c++23 -g -O0 -fsanitize=address,undefined -DDEBUG=1 -Isrc -isystem lib -o output/example_checkbox examples/example_checkbox.cpp output/all.o -lSDL2 -lSDL2_image -lSDL2_ttf
examples/example_checkbox.cpp:18:113: warning: missing field 'texture' initializer [-Wmissing-field-initializers]
   18 |         panel->setStyle(ElementState::Normal, {.backgroundColor = {{50, 50, 50, 255}}, .textColor = std::nullopt});
      |                                                                                                                 ^
1 warning generated.
clang++ -Wall -Wextra -Wshadow -Wconversion -Wsign-conversion -Wfloat-equal -Wformat=2 -Wnon-virtual-dtor -Woverloaded-virtual -Wreorder -Wzero-as-null-pointer-constant -Wunreachable-code -Wstrict-aliasing -Wpedantic -I/usr/include/SDL2 -D_REENTRANT -stdlib=libc++ -std=c++23 -g -O0 -fsanitize=address,undefined -DDEBUG=1 -Isrc -isystem lib -o output/example_combobox examples/example_combobox.cpp output/all.o -lSDL2 -lSDL2_image -lSDL2_ttf
clang++ -Wall -Wextra -Wshadow -Wconversion -Wsign-conversion -Wfloat-equal -Wformat=2 -Wnon-virtual-dtor -Woverloaded-virtual -Wreorder -Wzero-as-null-pointer-constant -Wunreachable-code -Wstrict-aliasing -Wpedantic -I/usr/include/SDL2 -D_REENTRANT -stdlib=libc++ -std=c++23 -g -O0 -fsanitize=address,undefined -DDEBUG=1 -Isrc -isystem lib -o output/example_context_menu examples/example_context_menu.cpp output/all.o -lSDL2 -lSDL2_image -lSDL2_ttf
clang++ -Wall -Wextra -Wshadow -Wconversion -Wsign-conversion -Wfloat-equal -Wformat=2 -Wnon-virtual-dtor -Woverloaded-virtual -Wreorder -Wzero-as-null-pointer-constant -Wunreachable-code -Wstrict-aliasing -Wpedantic -I/usr/include/SDL2 -D_REENTRANT -stdlib=libc++ -std=c++23 -g -O0 -fsanitize=address,undefined -DDEBUG=1 -Isrc -isystem lib -o output/example_mouse_cursor examples/example_mouse_cursor.cpp output/all.o -lSDL2 -lSDL2_image -lSDL2_ttf
clang++ -Wall -Wextra -Wshadow -Wconversion -Wsign-conversion -Wfloat-equal -Wformat=2 -Wnon-virtual-dtor -Woverloaded-virtual -Wreorder -Wzero-as-null-pointer-constant -Wunreachable-code -Wstrict-aliasing -Wpedantic -I/usr/include/SDL2 -D_REENTRANT -stdlib=libc++ -std=c++23 -g -O0 -fsanitize=address,undefined -DDEBUG=1 -Isrc -isystem lib -o output/example_paint examples/example_paint.cpp output/all.o -lSDL2 -lSDL2_image -lSDL2_ttf
clang++ -Wall -Wextra -Wshadow -Wconversion -Wsign-conversion -Wfloat-equal -Wformat=2 -Wnon-virtual-dtor -Woverloaded-virtual -Wreorder -Wzero-as-null-pointer-constant -Wunreachable-code -Wstrict-aliasing -Wpedantic -I/usr/include/SDL2 -D_REENTRANT -stdlib=libc++ -std=c++23 -g -O0 -fsanitize=address,undefined -DDEBUG=1 -Isrc -isystem lib -o output/example_panel examples/example_panel.cpp output/all.o -lSDL2 -lSDL2_image -lSDL2_ttf
clang++ -Wall -Wextra -Wshadow -Wconversion -Wsign-conversion -Wfloat-equal -Wformat=2 -Wnon-virtual-dtor -Woverloaded-virtual -Wreorder -Wzero-as-null-pointer-constant -Wunreachable-code -Wstrict-aliasing -Wpedantic -I/usr/include/SDL2 -D_REENTRANT -stdlib=libc++ -std=c++23 -g -O0 -fsanitize=address,undefined -DDEBUG=1 -Isrc -isystem lib -o output/example_performance examples/example_performance.cpp output/all.o -lSDL2 -lSDL2_image -lSDL2_ttf
clang++ -Wall -Wextra -Wshadow -Wconversion -Wsign-conversion -Wfloat-equal -Wformat=2 -Wnon-virtual-dtor -Woverloaded-virtual -Wreorder -Wzero-as-null-pointer-constant -Wunreachable-code -Wstrict-aliasing -Wpedantic -I/usr/include/SDL2 -D_REENTRANT -stdlib=libc++ -std=c++23 -g -O0 -fsanitize=address,undefined -DDEBUG=1 -Isrc -isystem lib -o output/example_radio_button examples/example_radio_button.cpp output/all.o -lSDL2 -lSDL2_image -lSDL2_ttf
clang++ -Wall -Wextra -Wshadow -Wconversion -Wsign-conversion -Wfloat-equal -Wformat=2 -Wnon-virtual-dtor -Woverloaded-virtual -Wreorder -Wzero-as-null-pointer-constant -Wunreachable-code -Wstrict-aliasing -Wpedantic -I/usr/include/SDL2 -D_REENTRANT -stdlib=libc++ -std=c++23 -g -O0 -fsanitize=address,undefined -DDEBUG=1 -Isrc -isystem lib -o output/example_scrollview_prototype examples/example_scrollview_prototype.cpp output/all.o -lSDL2 -lSDL2_image -lSDL2_ttf
clang++ -Wall -Wextra -Wshadow -Wconversion -Wsign-conversion -Wfloat-equal -Wformat=2 -Wnon-virtual-dtor -Woverloaded-virtual -Wreorder -Wzero-as-null-pointer-constant -Wunreachable-code -Wstrict-aliasing -Wpedantic -I/usr/include/SDL2 -D_REENTRANT -stdlib=libc++ -std=c++23 -g -O0 -fsanitize=address,undefined -DDEBUG=1 -Isrc -isystem lib -o output/example_slider examples/example_slider.cpp output/all.o -lSDL2 -lSDL2_image -lSDL2_ttf
clang++ -Wall -Wextra -Wshadow -Wconversion -Wsign-conversion -Wfloat-equal -Wformat=2 -Wnon-virtual-dtor -Woverloaded-virtual -Wreorder -Wzero-as-null-pointer-constant -Wunreachable-code -Wstrict-aliasing -Wpedantic -I/usr/include/SDL2 -D_REENTRANT -stdlib=libc++ -std=c++23 -g -O0 -fsanitize=address,undefined -DDEBUG=1 -Isrc -isystem lib -o output/example_sprite_animator examples/example_sprite_animator.cpp output/all.o -lSDL2 -lSDL2_image -lSDL2_ttf
clang++ -Wall -Wextra -Wshadow -Wconversion -Wsign-conversion -Wfloat-equal -Wformat=2 -Wnon-virtual-dtor -Woverloaded-virtual -Wreorder -Wzero-as-null-pointer-constant -Wunreachable-code -Wstrict-aliasing -Wpedantic -I/usr/include/SDL2 -D_REENTRANT -stdlib=libc++ -std=c++23 -g -O0 -fsanitize=address,undefined -DDEBUG=1 -Isrc -isystem lib -o output/example_tabs examples/example_tabs.cpp output/all.o -lSDL2 -lSDL2_image -lSDL2_ttf
examples/example_tabs.cpp:27:159: warning: missing field 'texture' initializer [-Wmissing-field-initializers]
   27 |         tab1Panel->setStyle(ElementState::Normal, {.backgroundColor = std::nullopt, .textColor = std::nullopt, .borderColor={{255, 0, 0, 128}}, .borderWidth=5});
      |                                                                                                                                                               ^
examples/example_tabs.cpp:28:159: warning: missing field 'texture' initializer [-Wmissing-field-initializers]
   28 |         tab2Panel->setStyle(ElementState::Normal, {.backgroundColor = std::nullopt, .textColor = std::nullopt, .borderColor={{0, 255, 0, 128}}, .borderWidth=5});
      |                                                                                                                                                               ^
examples/example_tabs.cpp:29:159: warning: missing field 'texture' initializer [-Wmissing-field-initializers]
   29 |         tab3Panel->setStyle(ElementState::Normal, {.backgroundColor = std::nullopt, .textColor = std::nullopt, .borderColor={{0, 0, 255, 128}}, .borderWidth=5});
      |                                                                                                                                                               ^
3 warnings generated.
clang++ -Wall -Wextra -Wshadow -Wconversion -Wsign-conversion -Wfloat-equal -Wformat=2 -Wnon-virtual-dtor -Woverloaded-virtual -Wreorder -Wzero-as-null-pointer-constant -Wunreachable-code -Wstrict-aliasing -Wpedantic -I/usr/include/SDL2 -D_REENTRANT -stdlib=libc++ -std=c++23 -g -O0 -fsanitize=address,undefined -DDEBUG=1 -Isrc -isystem lib -o output/example_text_area examples/example_text_area.cpp output/all.o -lSDL2 -lSDL2_image -lSDL2_ttf
clang++ -Wall -Wextra -Wshadow -Wconversion -Wsign-conversion -Wfloat-equal -Wformat=2 -Wnon-virtual-dtor -Woverloaded-virtual -Wreorder -Wzero-as-null-pointer-constant -Wunreachable-code -Wstrict-aliasing -Wpedantic -I/usr/include/SDL2 -D_REENTRANT -stdlib=libc++ -std=c++23 -g -O0 -fsanitize=address,undefined -DDEBUG=1 -Isrc -isystem lib -o output/example_text_input examples/example_text_input.cpp output/all.o -lSDL2 -lSDL2_image -lSDL2_ttf
clang++ -Wall -Wextra -Wshadow -Wconversion -Wsign-conversion -Wfloat-equal -Wformat=2 -Wnon-virtual-dtor -Woverloaded-virtual -Wreorder -Wzero-as-null-pointer-constant -Wunreachable-code -Wstrict-aliasing -Wpedantic -I/usr/include/SDL2 -D_REENTRANT -stdlib=libc++ -std=c++23 -g -O0 -fsanitize=address,undefined -DDEBUG=1 -Isrc -isystem lib -o output/example_texture_font_previewer examples/example_texture_font_previewer.cpp output/all.o -lSDL2 -lSDL2_image -lSDL2_ttf
clang++ -Wall -Wextra -Wshadow -Wconversion -Wsign-conversion -Wfloat-equal -Wformat=2 -Wnon-virtual-dtor -Woverloaded-virtual -Wreorder -Wzero-as-null-pointer-constant -Wunreachable-code -Wstrict-aliasing -Wpedantic -I/usr/include/SDL2 -D_REENTRANT -stdlib=libc++ -std=c++23 -g -O0 -fsanitize=address,undefined -DDEBUG=1 -Isrc -isystem lib -o output/example_theme_playground examples/example_theme_playground.cpp output/all.o -lSDL2 -lSDL2_image -lSDL2_ttf
clang++ -Wall -Wextra -Wshadow -Wconversion -Wsign-conversion -Wfloat-equal -Wformat=2 -Wnon-virtual-dtor -Woverloaded-virtual -Wreorder -Wzero-as-null-pointer-constant -Wunreachable-code -Wstrict-aliasing -Wpedantic -I/usr/include/SDL2 -D_REENTRANT -stdlib=libc++ -std=c++23 -g -O0 -fsanitize=address,undefined -DDEBUG=1 -Isrc -isystem lib -o output/example_themes examples/example_themes.cpp output/all.o -lSDL2 -lSDL2_image -lSDL2_ttf
clang++ -Wall -Wextra -Wshadow -Wconversion -Wsign-conversion -Wfloat-equal -Wformat=2 -Wnon-virtual-dtor -Woverloaded-virtual -Wreorder -Wzero-as-null-pointer-constant -Wunreachable-code -Wstrict-aliasing -Wpedantic -I/usr/include/SDL2 -D_REENTRANT -stdlib=libc++ -std=c++23 -g -O0 -fsanitize=address,undefined -DDEBUG=1 -Isrc -isystem lib -o output/example_tooltip examples/example_tooltip.cpp output/all.o -lSDL2 -lSDL2_image -lSDL2_ttf
clang++ -Wall -Wextra -Wshadow -Wconversion -Wsign-conversion -Wfloat-equal -Wformat=2 -Wnon-virtual-dtor -Woverloaded-virtual -Wreorder -Wzero-as-null-pointer-constant -Wunreachable-code -Wstrict-aliasing -Wpedantic -I/usr/include/SDL2 -D_REENTRANT -stdlib=libc++ -std=c++23 -g -O0 -fsanitize=address,undefined -DDEBUG=1 -Isrc -isystem lib -o output/example_window examples/example_window.cpp output/all.o -lSDL2 -lSDL2_image -lSDL2_ttf
examples/example_window.cpp:28:243: warning: missing field 'borderColor' initializer [-Wmissing-field-initializers]
   28 |         windowPanel->setStyle(ElementState::Normal, {.backgroundColor = std::nullopt, .textColor = std::nullopt, .texture = guiManager.getTextureManager().addTexture("window_bg", createColorTexture(renderer, {.r=200, .g=200, .b=200, .a=255}))});
      |                                                                                                                                                                                                                                                   ^
examples/example_window.cpp:33:227: warning: missing field 'borderColor' initializer [-Wmissing-field-initializers]
   33 |         titleBar->setStyle(ElementState::Normal, {.backgroundColor = std::nullopt, .textColor = std::nullopt, .texture = guiManager.getTextureManager().addTexture("title_bg", createColorTexture(renderer, {100, 100, 150, 255}))});
      |                                                                                                                                                                                                                                   ^
examples/example_window.cpp:46:233: warning: missing field 'borderColor' initializer [-Wmissing-field-initializers]
   46 |         contentPanel->setStyle(ElementState::Normal, {.backgroundColor = std::nullopt, .textColor = std::nullopt, .texture = guiManager.getTextureManager().addTexture("content_bg", createColorTexture(renderer, {220, 220, 220, 255}))});
      |                                                                                                                                                                                                                                         ^
3 warnings generated.
clang++ -Wall -Wextra -Wshadow -Wconversion -Wsign-conversion -Wfloat-equal -Wformat=2 -Wnon-virtual-dtor -Woverloaded-virtual -Wreorder -Wzero-as-null-pointer-constant -Wunreachable-code -Wstrict-aliasing -Wpedantic -I/usr/include/SDL2 -D_REENTRANT -stdlib=libc++ -std=c++23 -g -O0 -fsanitize=address,undefined -DDEBUG=1 -Isrc -isystem lib -o output/example_xml_parser examples/example_xml_parser.cpp output/all.o -lSDL2 -lSDL2_image -lSDL2_ttf
In file included from examples/example_xml_parser.cpp:3:
In file included from src/sgml_parser.hpp:8:
src/../lib/tinyxml2.h:149:38: warning: zero as null pointer constant [-Wzero-as-null-pointer-constant]
  149 |     StrPair() : _flags( 0 ), _start( 0 ), _end( 0 ) {}
      |                                      ^
      |                                      nullptr
src/../lib/tinyxml2.h:149:49: warning: zero as null pointer constant [-Wzero-as-null-pointer-constant]
  149 |     StrPair() : _flags( 0 ), _start( 0 ), _end( 0 ) {}
      |                                                 ^
      |                                                 nullptr
src/../lib/tinyxml2.h:590:31: warning: zero as null pointer constant [-Wzero-as-null-pointer-constant]
  590 |         p = SkipWhiteSpace(p, 0);
      |                               ^
      |                               nullptr
src/../lib/tinyxml2.h:781:61: warning: zero as null pointer constant [-Wzero-as-null-pointer-constant]
  781 |     const XMLElement* FirstChildElement( const char* name = 0 ) const;
      |                                                             ^
      |                                                             nullptr
src/../lib/tinyxml2.h:783:55: warning: zero as null pointer constant [-Wzero-as-null-pointer-constant]
  783 |     XMLElement* FirstChildElement( const char* name = 0 )       {
      |                                                       ^
      |                                                       nullptr
src/../lib/tinyxml2.h:799:60: warning: zero as null pointer constant [-Wzero-as-null-pointer-constant]
  799 |     const XMLElement* LastChildElement( const char* name = 0 ) const;
      |                                                            ^
      |                                                            nullptr
src/../lib/tinyxml2.h:801:54: warning: zero as null pointer constant [-Wzero-as-null-pointer-constant]
  801 |     XMLElement* LastChildElement( const char* name = 0 )        {
      |                                                      ^
      |                                                      nullptr
src/../lib/tinyxml2.h:815:66: warning: zero as null pointer constant [-Wzero-as-null-pointer-constant]
  815 |     const XMLElement*   PreviousSiblingElement( const char* name = 0 ) const ;
      |                                                                    ^
      |                                                                    nullptr
src/../lib/tinyxml2.h:817:60: warning: zero as null pointer constant [-Wzero-as-null-pointer-constant]
  817 |     XMLElement* PreviousSiblingElement( const char* name = 0 ) {
      |                                                            ^
      |                                                            nullptr
src/../lib/tinyxml2.h:831:62: warning: zero as null pointer constant [-Wzero-as-null-pointer-constant]
  831 |     const XMLElement*   NextSiblingElement( const char* name = 0 ) const;
      |                                                                ^
      |                                                                nullptr
src/../lib/tinyxml2.h:833:56: warning: zero as null pointer constant [-Wzero-as-null-pointer-constant]
  833 |     XMLElement* NextSiblingElement( const char* name = 0 )      {
      |                                                        ^
      |                                                        nullptr
src/../lib/tinyxml2.h:688:16: warning: zero as null pointer constant [-Wzero-as-null-pointer-constant]
  688 |         return 0;
      |                ^
      |                nullptr
src/../lib/tinyxml2.h:692:16: warning: zero as null pointer constant [-Wzero-as-null-pointer-constant]
  692 |         return 0;
      |                ^
      |                nullptr
src/../lib/tinyxml2.h:696:16: warning: zero as null pointer constant [-Wzero-as-null-pointer-constant]
  696 |         return 0;
      |                ^
      |                nullptr
src/../lib/tinyxml2.h:700:16: warning: zero as null pointer constant [-Wzero-as-null-pointer-constant]
  700 |         return 0;
      |                ^
      |                nullptr
src/../lib/tinyxml2.h:704:16: warning: zero as null pointer constant [-Wzero-as-null-pointer-constant]
  704 |         return 0;
      |                ^
      |                nullptr
src/../lib/tinyxml2.h:708:16: warning: zero as null pointer constant [-Wzero-as-null-pointer-constant]
  708 |         return 0;
      |                ^
      |                nullptr
src/../lib/tinyxml2.h:712:16: warning: zero as null pointer constant [-Wzero-as-null-pointer-constant]
  712 |         return 0;
      |                ^
      |                nullptr
src/../lib/tinyxml2.h:715:16: warning: zero as null pointer constant [-Wzero-as-null-pointer-constant]
  715 |         return 0;
      |                ^
      |                nullptr
src/../lib/tinyxml2.h:718:16: warning: zero as null pointer constant [-Wzero-as-null-pointer-constant]
  718 |         return 0;
      |                ^
      |                nullptr
src/../lib/tinyxml2.h:721:16: warning: zero as null pointer constant [-Wzero-as-null-pointer-constant]
  721 |         return 0;
      |                ^
      |                nullptr
src/../lib/tinyxml2.h:724:16: warning: zero as null pointer constant [-Wzero-as-null-pointer-constant]
  724 |         return 0;
      |                ^
      |                nullptr
src/../lib/tinyxml2.h:727:16: warning: zero as null pointer constant [-Wzero-as-null-pointer-constant]
  727 |         return 0;
      |                ^
      |                nullptr
src/../lib/tinyxml2.h:1244:67: warning: zero as null pointer constant [-Wzero-as-null-pointer-constant]
 1244 |     XMLAttribute() : _name(), _value(),_parseLineNum( 0 ), _next( 0 ), _memPool( 0 ) {}
      |                                                                   ^
      |                                                                   nullptr
src/../lib/tinyxml2.h:1244:82: warning: zero as null pointer constant [-Wzero-as-null-pointer-constant]
 1244 |     XMLAttribute() : _name(), _value(),_parseLineNum( 0 ), _next( 0 ), _memPool( 0 ) {}
      |                                                                                  ^
      |                                                                                  nullptr
src/../lib/tinyxml2.h:1309:64: warning: zero as null pointer constant [-Wzero-as-null-pointer-constant]
 1309 |     const char* Attribute( const char* name, const char* value=0 ) const;
      |                                                                ^
      |                                                                nullptr
src/../lib/tinyxml2.h:1833:38: warning: zero as null pointer constant [-Wzero-as-null-pointer-constant]
 1833 |     void Print( XMLPrinter* streamer=0 ) const;
      |                                      ^
      |                                      nullptr
src/../lib/tinyxml2.h:1865:54: warning: zero as null pointer constant [-Wzero-as-null-pointer-constant]
 1865 |     XMLDeclaration* NewDeclaration( const char* text=0 );
      |                                                      ^
      |                                                      nullptr
src/../lib/tinyxml2.h:1926:16: warning: zero as null pointer constant [-Wzero-as-null-pointer-constant]
 1926 |         return 0;
      |                ^
      |                nullptr
src/../lib/tinyxml2.h:2077:53: warning: zero as null pointer constant [-Wzero-as-null-pointer-constant]
 2077 |     XMLHandle FirstChildElement( const char* name = 0 )                                         {
      |                                                     ^
      |                                                     nullptr
src/../lib/tinyxml2.h:2085:52: warning: zero as null pointer constant [-Wzero-as-null-pointer-constant]
 2085 |     XMLHandle LastChildElement( const char* name = 0 )                                          {
      |                                                    ^
      |                                                    nullptr
src/../lib/tinyxml2.h:2093:58: warning: zero as null pointer constant [-Wzero-as-null-pointer-constant]
 2093 |     XMLHandle PreviousSiblingElement( const char* name = 0 )                            {
      |                                                          ^
      |                                                          nullptr
src/../lib/tinyxml2.h:2101:54: warning: zero as null pointer constant [-Wzero-as-null-pointer-constant]
 2101 |     XMLHandle NextSiblingElement( const char* name = 0 )                                        {
      |                                                      ^
      |                                                      nullptr
src/../lib/tinyxml2.h:2074:57: warning: zero as null pointer constant [-Wzero-as-null-pointer-constant]
 2074 |         return XMLHandle( _node ? _node->FirstChild() : 0 );
      |                                                         ^
      |                                                         nullptr
src/../lib/tinyxml2.h:2078:70: warning: zero as null pointer constant [-Wzero-as-null-pointer-constant]
 2078 |         return XMLHandle( _node ? _node->FirstChildElement( name ) : 0 );
      |                                                                      ^
      |                                                                      nullptr
src/../lib/tinyxml2.h:2082:56: warning: zero as null pointer constant [-Wzero-as-null-pointer-constant]
 2082 |         return XMLHandle( _node ? _node->LastChild() : 0 );
      |                                                        ^
      |                                                        nullptr
src/../lib/tinyxml2.h:2086:69: warning: zero as null pointer constant [-Wzero-as-null-pointer-constant]
 2086 |         return XMLHandle( _node ? _node->LastChildElement( name ) : 0 );
      |                                                                     ^
      |                                                                     nullptr
src/../lib/tinyxml2.h:2090:62: warning: zero as null pointer constant [-Wzero-as-null-pointer-constant]
 2090 |         return XMLHandle( _node ? _node->PreviousSibling() : 0 );
      |                                                              ^
      |                                                              nullptr
src/../lib/tinyxml2.h:2094:75: warning: zero as null pointer constant [-Wzero-as-null-pointer-constant]
 2094 |         return XMLHandle( _node ? _node->PreviousSiblingElement( name ) : 0 );
      |                                                                           ^
      |                                                                           nullptr
src/../lib/tinyxml2.h:2098:58: warning: zero as null pointer constant [-Wzero-as-null-pointer-constant]
 2098 |         return XMLHandle( _node ? _node->NextSibling() : 0 );
      |                                                          ^
      |                                                          nullptr
src/../lib/tinyxml2.h:2102:71: warning: zero as null pointer constant [-Wzero-as-null-pointer-constant]
 2102 |         return XMLHandle( _node ? _node->NextSiblingElement( name ) : 0 );
      |                                                                       ^
      |                                                                       nullptr
src/../lib/tinyxml2.h:2111:47: warning: zero as null pointer constant [-Wzero-as-null-pointer-constant]
 2111 |         return ( _node ? _node->ToElement() : 0 );
      |                                               ^
      |                                               nullptr
src/../lib/tinyxml2.h:2115:44: warning: zero as null pointer constant [-Wzero-as-null-pointer-constant]
 2115 |         return ( _node ? _node->ToText() : 0 );
      |                                            ^
      |                                            nullptr
src/../lib/tinyxml2.h:2119:47: warning: zero as null pointer constant [-Wzero-as-null-pointer-constant]
 2119 |         return ( _node ? _node->ToUnknown() : 0 );
      |                                               ^
      |                                               nullptr
src/../lib/tinyxml2.h:2123:51: warning: zero as null pointer constant [-Wzero-as-null-pointer-constant]
 2123 |         return ( _node ? _node->ToDeclaration() : 0 );
      |                                                   ^
      |                                                   nullptr
src/../lib/tinyxml2.h:2153:64: warning: zero as null pointer constant [-Wzero-as-null-pointer-constant]
 2153 |     const XMLConstHandle FirstChildElement( const char* name = 0 ) const                                {
      |                                                                ^
      |                                                                nullptr
src/../lib/tinyxml2.h:2159:63: warning: zero as null pointer constant [-Wzero-as-null-pointer-constant]
 2159 |     const XMLConstHandle LastChildElement( const char* name = 0 ) const                         {
      |                                                               ^
      |                                                               nullptr
src/../lib/tinyxml2.h:2165:69: warning: zero as null pointer constant [-Wzero-as-null-pointer-constant]
 2165 |     const XMLConstHandle PreviousSiblingElement( const char* name = 0 ) const           {
      |                                                                     ^
      |                                                                     nullptr
src/../lib/tinyxml2.h:2171:65: warning: zero as null pointer constant [-Wzero-as-null-pointer-constant]
 2171 |     const XMLConstHandle NextSiblingElement( const char* name = 0 ) const                       {
      |                                                                 ^
      |                                                                 nullptr
src/../lib/tinyxml2.h:2151:62: warning: zero as null pointer constant [-Wzero-as-null-pointer-constant]
 2151 |         return XMLConstHandle( _node ? _node->FirstChild() : 0 );
      |                                                              ^
      |                                                              nullptr
src/../lib/tinyxml2.h:2154:75: warning: zero as null pointer constant [-Wzero-as-null-pointer-constant]
 2154 |         return XMLConstHandle( _node ? _node->FirstChildElement( name ) : 0 );
      |                                                                           ^
      |                                                                           nullptr
src/../lib/tinyxml2.h:2157:61: warning: zero as null pointer constant [-Wzero-as-null-pointer-constant]
 2157 |         return XMLConstHandle( _node ? _node->LastChild() : 0 );
      |                                                             ^
      |                                                             nullptr
src/../lib/tinyxml2.h:2160:74: warning: zero as null pointer constant [-Wzero-as-null-pointer-constant]
 2160 |         return XMLConstHandle( _node ? _node->LastChildElement( name ) : 0 );
      |                                                                          ^
      |                                                                          nullptr
src/../lib/tinyxml2.h:2163:67: warning: zero as null pointer constant [-Wzero-as-null-pointer-constant]
 2163 |         return XMLConstHandle( _node ? _node->PreviousSibling() : 0 );
      |                                                                   ^
      |                                                                   nullptr
src/../lib/tinyxml2.h:2166:80: warning: zero as null pointer constant [-Wzero-as-null-pointer-constant]
 2166 |         return XMLConstHandle( _node ? _node->PreviousSiblingElement( name ) : 0 );
      |                                                                                ^
      |                                                                                nullptr
src/../lib/tinyxml2.h:2169:63: warning: zero as null pointer constant [-Wzero-as-null-pointer-constant]
 2169 |         return XMLConstHandle( _node ? _node->NextSibling() : 0 );
      |                                                               ^
      |                                                               nullptr
src/../lib/tinyxml2.h:2172:76: warning: zero as null pointer constant [-Wzero-as-null-pointer-constant]
 2172 |         return XMLConstHandle( _node ? _node->NextSiblingElement( name ) : 0 );
      |                                                                            ^
      |                                                                            nullptr
src/../lib/tinyxml2.h:2180:47: warning: zero as null pointer constant [-Wzero-as-null-pointer-constant]
 2180 |         return ( _node ? _node->ToElement() : 0 );
      |                                               ^
      |                                               nullptr
src/../lib/tinyxml2.h:2183:44: warning: zero as null pointer constant [-Wzero-as-null-pointer-constant]
 2183 |         return ( _node ? _node->ToText() : 0 );
      |                                            ^
      |                                            nullptr
src/../lib/tinyxml2.h:2186:47: warning: zero as null pointer constant [-Wzero-as-null-pointer-constant]
 2186 |         return ( _node ? _node->ToUnknown() : 0 );
      |                                               ^
      |                                               nullptr
src/../lib/tinyxml2.h:2189:51: warning: zero as null pointer constant [-Wzero-as-null-pointer-constant]
 2189 |         return ( _node ? _node->ToDeclaration() : 0 );
      |                                                   ^
      |                                                   nullptr
61 warnings generated.
